// Jest Snapshot v1, https://goo.gl/fbAQLP

exports[`<Divider /> Should match the latest snapshots 1`] = `
<Divider>
  <hr
    className="acr-divider"
  />
</Divider>
`;
