// Jest Snapshot v1, https://goo.gl/fbAQLP

exports[`<Menu /> Should match the latest snapshots 1`] = `
<Menu>
  <ul
    className="acr-menu"
  >
    <MenuItem>
      <li
        className="acr-menu-item"
      >
        Item
      </li>
    </MenuItem>
    <MenuItem>
      <li
        className="acr-menu-item"
      >
        Item
      </li>
    </MenuItem>
    <MenuItem
      disabled={true}
    >
      <li
        className="acr-menu-item"
        disabled={true}
      >
        Item
      </li>
    </MenuItem>
    <SubMenu>
      <li
        className="acr-submenu acr-closed"
      >
        <div
          className="acr-submenu-label"
          onClick={[Function]}
        >
          <MenuHeading>
            <Title
              classes="acr-menu-heading"
              inline={true}
            >
              <h6
                className="acr-title acr-menu-heading acr-inline"
              >
                More
              </h6>
            </Title>
          </MenuHeading>
        </div>
        <ul>
          <MenuItem>
            <li
              className="acr-menu-item"
            >
              Item
            </li>
          </MenuItem>
          <MenuItem>
            <li
              className="acr-menu-item"
            >
              Item
            </li>
          </MenuItem>
        </ul>
      </li>
    </SubMenu>
    <MenuItem>
      <li
        className="acr-menu-item"
      >
        Item
      </li>
    </MenuItem>
  </ul>
</Menu>
`;
