// Jest Snapshot v1, https://goo.gl/fbAQLP

exports[`<Section /> Should match the latest snapshots 1`] = `
<Section
  acrylic={true}
  elevation={2}
>
  <Title>
    Example
  </Title>
</Section>
`;
