// Jest Snapshot v1, https://goo.gl/fbAQLP

exports[`<Button /> Should match the latest snapshot 1`] = `
<Button>
  A Button
</Button>
`;
