// Jest Snapshot v1, https://goo.gl/fbAQLP

exports[`<Label /> Should match the latest snapshots 1`] = `
<label
  className="acr-label"
>
  Label
</label>
`;
